gcc -g p7original.c
îº§ gdb a.out
GNU gdb (Ubuntu 8.1.1-0ubuntu1) 8.1.1
Copyright (C) 2018 Free Software Foundation, Inc.
License GPLv3+: GNU GPL version 3 or later <http://gnu.org/licenses/gpl.html>
This is free software: you are free to change and redistribute it.
There is NO WARRANTY, to the extent permitted by law.  Type "show copying"
and "show warranty" for details.
This GDB was configured as "x86_64-linux-gnu".
Type "show configuration" for configuration details.
For bug reporting instructions, please see:
<http://www.gnu.org/software/gdb/bugs/>.
Find the GDB manual and other documentation resources online at:
<http://www.gnu.org/software/gdb/documentation/>.
For help, type "help".
Type "apropos word" to search for commands related to "word"...
Reading symbols from a.out...done.
(gdb) b main
Breakpoint 1 at 0x877: file p7original.c, line 27.
(gdb) r
Starting program: /home/runner/ppa-IA2-practice2/a.out 
warning: Error disabling address space randomization: Operation not permitted

Breakpoint 1, main () at p7original.c:27
27  {
(gdb) n
28    Triangle ABC = input_triangle();
(gdb) s
input_triangle () at p7original.c:9
9   {
(gdb) n
11    printf("Enter the base, altitude of a triangle:\n");
(gdb) n
Enter the base, altitude of a triangle:
12    scanf("%f%f", &ABC.base, &ABC.altitude);
(gdb) n
2 3
13    return ABC;
(gdb) p ABC
$1 = {base = 2, altitude = 3, area = 3.52035921e+14}
(gdb) n
14  }
(gdb) n
main () at p7original.c:29
29    find_area(&ABC);
(gdb) s
find_area (t=0x7ffd31a7f84c) at p7original.c:18
18    t->area = 0.5 * t->base * t->altitude;
(gdb) n
19  }
(gdb) n
main () at p7original.c:30
30    output(ABC);
(gdb) s
output (t=...) at p7original.c:23
23    printf("The area of triangle with base = %f and altitude = %f is %f\n", t.base, t.altitude, t.area);
(gdb) n
The area of triangle with base = 2.000000 and altitude = 3.000000 is 3.000000
24  }
(gdb) n
main () at p7original.c:31
31    return 0;
(gdb) c
Continuing.
[Inferior 1 (process 216) exited normally]
